<html>
<body>
<pre>
<h1>µVision Build Log</h1>
<h2>Project:</h2>
B:\Lab\ES_LAB\Assembly\ALLASM.uvproj
Project File Date:  02/14/2021

<h2>Output:</h2>
Build target 'Target 1'
Target has no object modules
Target not created
Build target 'Target 1'
assembling dataexchange.asm...
dataexchange.asm(1): error: A1163E: Unknown opcode Area , expecting opcode or Macro
dataexchange.asm(2): error: A1355U: A Label was found which was in no AREA
Target not created
Build target 'Target 1'
assembling dataexchange.asm...
linking...
Program Size: Code=52 RO-data=0 RW-data=0 ZI-data=0  
"ALLASM.axf" - 0 Error(s), 0 Warning(s).
Build target 'Target 1'
assembling dataexchange.asm...
dataexchange.asm(4): error: A1150E: Bad symbol, not defined or external
dataexchange.asm(5): error: A1150E: Bad symbol, not defined or external
Target not created
Build target 'Target 1'
assembling dataexchange.asm...
dataexchange.asm(5): error: A1510E: Immediate 0x40000044 cannot be represented by 0-255 and a rotation
Target not created
Build target 'Target 1'
assembling dataexchange.asm...
linking...
Program Size: Code=48 RO-data=0 RW-data=0 ZI-data=0  
"ALLASM.axf" - 0 Error(s), 0 Warning(s).
