<html>
<body>
<pre>
<h1>µVision Build Log</h1>
<h2>Project:</h2>
B:\Lab\ES_LAB\lab_test\2nd_LabTest.uvproj
Project File Date:  01/28/2021

<h2>Output:</h2>
Build target 'Target 1'
assembling Startup.s...
compiling 2nd_sessionals_1stQuest.c...
compiling 2nd_sessionals_2nd_quest.c...
linking...
2nd_LabTest.axf: Error: L6200E: Symbol __ARM_use_no_argv multiply defined (by 2nd_sessionals_2nd_quest.o and 2nd_sessionals_1stquest.o).
2nd_LabTest.axf: Error: L6200E: Symbol delay multiply defined (by 2nd_sessionals_2nd_quest.o and 2nd_sessionals_1stquest.o).
2nd_LabTest.axf: Error: L6200E: Symbol pll multiply defined (by 2nd_sessionals_2nd_quest.o and 2nd_sessionals_1stquest.o).
2nd_LabTest.axf: Error: L6200E: Symbol main multiply defined (by 2nd_sessionals_2nd_quest.o and 2nd_sessionals_1stquest.o).
Target not created
Build target 'Target 1'
linking...
Program Size: Code=696 RO-data=16 RW-data=0 ZI-data=1256  
"2nd_LabTest.axf" - 0 Error(s), 0 Warning(s).
Build target 'Target 1'
linking...
Program Size: Code=696 RO-data=16 RW-data=0 ZI-data=1256  
FromELF: creating hex file...
"2nd_LabTest.axf" - 0 Error(s), 0 Warning(s).
Build target 'Target 1'
linking...
Program Size: Code=1064 RO-data=16 RW-data=0 ZI-data=1256  
FromELF: creating hex file...
"2nd_LabTest.axf" - 0 Error(s), 0 Warning(s).
