<html>
<body>
<pre>
<h1>µVision Build Log</h1>
<h2>Project:</h2>
B:\Lab\ES_LAB\lab_test\2nd_LabTest.uvproj
Project File Date:  01/28/2021

<h2>Output:</h2>
Build target 'Target 1'
linking...
Program Size: Code=1068 RO-data=16 RW-data=0 ZI-data=1256  
FromELF: creating hex file...
"2nd_LabTest.axf" - 0 Error(s), 0 Warning(s).
Build target 'Target 1'
compiling palindrome.c...
palindrome.c(80): warning:  #186-D: pointless comparison of unsigned integer with zero
palindrome.c(117): warning:  #1-D: last line of file ends without a newline
linking...
Program Size: Code=1140 RO-data=16 RW-data=0 ZI-data=1256  
FromELF: creating hex file...
"2nd_LabTest.axf" - 0 Error(s), 2 Warning(s).
Build target 'Target 1'
compiling palindrome.c...
palindrome.c(80): warning:  #186-D: pointless comparison of unsigned integer with zero
linking...
Program Size: Code=1140 RO-data=16 RW-data=0 ZI-data=1256  
FromELF: creating hex file...
"2nd_LabTest.axf" - 0 Error(s), 1 Warning(s).
