<html>
<body>
<pre>
<h1>µVision Build Log</h1>
<h2>Project:</h2>
C:\Users\Et3rnaL\Documents\ES_LAB\LAB_1\LAB_1.uvproj
Project File Date:  10/28/2020

<h2>Output:</h2>
Build target 'Target 1'
assembling day2_ex1.asm...
..\LAB_2\day2_ex1.asm(6): error: A1108E: Multiply defined symbol 'VALUE1'
..\LAB_2\day2_ex1.asm(16): error: A1151E: Bad register name symbol
Target not created
Build target 'Target 1'
assembling day1_ex2.asm...
assembling day2_ex1.asm...
..\LAB_2\day2_ex1.asm(6): error: A1108E: Multiply defined symbol 'VALUE1'
..\LAB_2\day2_ex1.asm(16): error: A1151E: Bad register name symbol
Target not created
Build target 'Target 1'
assembling day1_ex2.asm...
assembling day2_ex1.asm...
..\LAB_2\day2_ex1.asm(16): error: A1151E: Bad register name symbol
Target not created
Build target 'Target 1'
assembling day1_ex2.asm...
assembling day2_ex1.asm...
..\LAB_2\day2_ex1.asm(13): error: A1151E: Bad register name symbol
Target not created
Build target 'Target 1'
assembling day2_ex1.asm...
..\LAB_2\day2_ex1.asm(13): error: A1151E: Bad register name symbol
Target not created
Build target 'Target 1'
assembling day1_ex2.asm...
assembling day2_ex1.asm...
..\LAB_2\day2_ex1.asm(13): error: A1151E: Bad register name symbol
Target not created
Build target 'Target 1'
assembling day1_ex2.asm...
assembling day2_ex1.asm...
..\LAB_2\day2_ex1.asm(13): error: A1151E: Bad register name symbol
Target not created
Build target 'Target 1'
assembling day1_ex2.asm...
assembling day2_ex1.asm...
..\LAB_2\day2_ex1.asm(13): error: A1150E: Bad symbol, not defined or external
Target not created
Build target 'Target 1'
assembling day1_ex2.asm...
assembling day2_ex1.asm...
linking...
Program Size: Code=64 RO-data=0 RW-data=0 ZI-data=0  
"LAB_1.axf" - 0 Error(s), 0 Warning(s).
Build target 'Target 1'
assembling day1_ex2.asm...
assembling day2_ex1.asm...
linking...
Program Size: Code=64 RO-data=0 RW-data=0 ZI-data=0  
"LAB_1.axf" - 0 Error(s), 0 Warning(s).
Build target 'Target 1'
assembling day2_ex1.asm...
linking...
Program Size: Code=44 RO-data=0 RW-data=0 ZI-data=0  
"LAB_1.axf" - 0 Error(s), 0 Warning(s).
Build target 'Target 1'
assembling day2_ex1.asm...
linking...
Program Size: Code=44 RO-data=0 RW-data=0 ZI-data=0  
"LAB_1.axf" - 0 Error(s), 0 Warning(s).
