


ARM Macro Assembler    Page 1 


    1 00000000         ; Adding two 64 bit numbers
    2 00000000                 AREA             RESET, CODE, READONLY
    3 00000000                 ENTRY
    4 00000000         START
    5 00000000         
    6 00000000 E3A00101        MOV              R0, #0x40000000 ;Higher byte of
                                                             first number
    7 00000004 E3A01111        MOV              R1, #0x40000004 ;Lower byte of 
                                                            first number
    8 00000008 E3A02121        MOV              R2, #0x40000008 ;Higher byte of
                                                             second number
    9 0000000C E3A03131        MOV              R3, #0x4000000c ;Lower byte of 
                                                            second number 
   10 00000010 E3A05141        MOV              R5, #0x40000010 ;Higher byte of
                                                             second number
   11 00000014 E3A06151        MOV              R6, #0x40000014 ;Lower byte of 
                                                            second number
   12 00000018         
   13 00000018 E5918000        LDR              R8, [R1]
   14 0000001C E593A000        LDR              R10, [R3]
   15 00000020 E098400A        ADDS             R4, R8, R10
   16 00000024 E5864000        STR              R4, [R6]
   17 00000028         
   18 00000028 E5908000        LDR              R8, [R0]
   19 0000002C E592A000        LDR              R10, [R2]
   20 00000030 E0A8400A        ADC              R4, R8, R10
   21 00000034 E5854000        STR              R4, [R5]
   22 00000038         
   23 00000038                 END
Command Line: --debug --xref --device=DARMP --apcs=interwork -o01_64bit_add.o -
IC:\Keil\ARM\INC\Philips --predefine="__EVAL SETA 1" --list=01_64bit_add.lst 01
_64bit_add.asm



ARM Macro Assembler    Page 1 Alphabetic symbol ordering
Relocatable symbols

RESET 00000000

Symbol: RESET
   Definitions
      At line 2 in file 01_64bit_add.asm
   Uses
      None
Comment: RESET unused
START 00000000

Symbol: START
   Definitions
      At line 4 in file 01_64bit_add.asm
   Uses
      None
Comment: START unused
2 symbols
322 symbols in table
