<html>
<body>
<pre>
<h1>µVision Build Log</h1>
<h2>Project:</h2>
B:\Lab\ES_LAB\Lab\Assembly_program.uvproj
Project File Date:  12/18/2020

<h2>Output:</h2>
Build target 'Target 1'
assembling 01_64bit_add.asm...
01_64bit_add.asm(7): error: A1150E: Bad symbol, not defined or external
01_64bit_add.asm(8): error: A1150E: Bad symbol, not defined or external
01_64bit_add.asm(9): error: A1150E: Bad symbol, not defined or external
01_64bit_add.asm(10): error: A1150E: Bad symbol, not defined or external
01_64bit_add.asm(13): error: A1163E: Unknown opcode addc , expecting opcode or Macro
Target not created
Build target 'Target 1'
assembling 01_64bit_add.asm...
01_64bit_add.asm(6): error: A1150E: Bad symbol, not defined or external
01_64bit_add.asm(7): error: A1150E: Bad symbol, not defined or external
01_64bit_add.asm(8): error: A1150E: Bad symbol, not defined or external
01_64bit_add.asm(9): error: A1150E: Bad symbol, not defined or external
01_64bit_add.asm(12): error: A1163E: Unknown opcode addc , expecting opcode or Macro
Target not created
Build target 'Target 1'
assembling 01_64bit_add.asm...
01_64bit_add.asm(6): error: A1150E: Bad symbol, not defined or external
01_64bit_add.asm(7): error: A1150E: Bad symbol, not defined or external
01_64bit_add.asm(8): error: A1150E: Bad symbol, not defined or external
01_64bit_add.asm(9): error: A1150E: Bad symbol, not defined or external
01_64bit_add.asm(12): error: A1163E: Unknown opcode ADDC , expecting opcode or Macro
Target not created
Build target 'Target 1'
assembling 01_64bit_add.asm...
01_64bit_add.asm(12): error: A1163E: Unknown opcode ADDC , expecting opcode or Macro
Target not created
Build target 'Target 1'
assembling 01_64bit_add.asm...
01_64bit_add.asm(11): error: A1163E: Unknown opcode ADS , expecting opcode or Macro
Target not created
Build target 'Target 1'
assembling 01_64bit_add.asm...
linking...
Program Size: Code=24 RO-data=0 RW-data=0 ZI-data=0  
"Assembly_program.axf" - 0 Error(s), 0 Warning(s).
compiling C:\Keil\ARM\INC\Philips\LPC214X.h...
Build target 'Target 1'
assembling 01_64bit_add.asm...
01_64bit_add.asm(11): error: A1150E: Bad symbol, not defined or external
Target not created
Build target 'Target 1'
assembling 01_64bit_add.asm...
01_64bit_add.asm(11): error: A1150E: Bad symbol, not defined or external
Target not created
Build target 'Target 1'
assembling 01_64bit_add.asm...
01_64bit_add.asm(14): error: A1152E: Unexpected operator
01_64bit_add.asm(15): error: A1152E: Unexpected operator
Target not created
Build target 'Target 1'
assembling 01_64bit_add.asm...
linking...
Program Size: Code=24 RO-data=0 RW-data=0 ZI-data=0  
"Assembly_program.axf" - 0 Error(s), 0 Warning(s).
Build target 'Target 1'
assembling 01_64bit_add.asm...
01_64bit_add.asm(11): error: A1190E: Unexpected '['
01_64bit_add.asm(11): error: A1190E: Unexpected '['
01_64bit_add.asm(12): error: A1190E: Unexpected '['
01_64bit_add.asm(12): error: A1190E: Unexpected '['
Target not created
Build target 'Target 1'
assembling 01_64bit_add.asm...
01_64bit_add.asm(11): error: A1190E: Unexpected '['
01_64bit_add.asm(12): error: A1190E: Unexpected '['
01_64bit_add.asm(15): error: A1152E: Unexpected operator
Target not created
Build target 'Target 1'
assembling 01_64bit_add.asm...
01_64bit_add.asm(11): error: A1190E: Unexpected '['
01_64bit_add.asm(12): error: A1190E: Unexpected '['
01_64bit_add.asm(14): error: A1152E: Unexpected operator
01_64bit_add.asm(16): error: A1190E: Unexpected '['
01_64bit_add.asm(17): error: A1190E: Unexpected '['
01_64bit_add.asm(19): error: A1152E: Unexpected operator
Target not created
Build target 'Target 1'
assembling 01_64bit_add.asm...
01_64bit_add.asm(14): error: A1190E: Unexpected '['
01_64bit_add.asm(15): error: A1190E: Unexpected '['
01_64bit_add.asm(19): error: A1190E: Unexpected '['
01_64bit_add.asm(20): error: A1190E: Unexpected '['
Target not created
Build target 'Target 1'
assembling 01_64bit_add.asm...
linking...
Program Size: Code=56 RO-data=0 RW-data=0 ZI-data=0  
"Assembly_program.axf" - 0 Error(s), 0 Warning(s).
Build target 'Target 1'
assembling 01_64bit_add.asm...
linking...
Program Size: Code=56 RO-data=0 RW-data=0 ZI-data=0  
"Assembly_program.axf" - 0 Error(s), 0 Warning(s).
Build target 'Target 1'
assembling 01_64bit_add.asm...
linking...
Program Size: Code=56 RO-data=0 RW-data=0 ZI-data=0  
"Assembly_program.axf" - 0 Error(s), 0 Warning(s).
Build target 'Target 1'
assembling day1_ex1.asm...
linking...
Program Size: Code=56 RO-data=0 RW-data=0 ZI-data=0  
"Assembly_program.axf" - 0 Error(s), 0 Warning(s).
