<html>
<body>
<pre>
<h1>µVision Build Log</h1>
<h2>Project:</h2>
B:\Lab\ES_LAB\Lab\Assembly_program.uvproj
Project File Date:  01/01/2021

<h2>Output:</h2>
Build target 'Target 1'
assembling 03_swapNibble.asm...
linking...
Program Size: Code=40 RO-data=0 RW-data=0 ZI-data=0  
"Assembly_program.axf" - 0 Error(s), 0 Warning(s).
Build target 'Target 1'
assembling 03_swapNibble.asm...
linking...
Program Size: Code=40 RO-data=0 RW-data=0 ZI-data=0  
"Assembly_program.axf" - 0 Error(s), 0 Warning(s).
Build target 'Target 1'
assembling 03_swapNibble.asm...
linking...
Program Size: Code=40 RO-data=0 RW-data=0 ZI-data=0  
"Assembly_program.axf" - 0 Error(s), 0 Warning(s).
