<html>
<body>
<pre>
<h1>µVision Build Log</h1>
<h2>Project:</h2>
B:\Lab\ES_LAB\lpc2138\LPC2138.uvproj
Project File Date:  02/14/2021

<h2>Output:</h2>
Build target 'Target 1'
compiling Palindrome_Vowel.c...
Palindrome_Vowel.c(78): warning:  #186-D: pointless comparison of unsigned integer with zero
linking...
Program Size: Code=1320 RO-data=16 RW-data=0 ZI-data=1256  
FromELF: creating hex file...
"LPC2138.axf" - 0 Error(s), 1 Warning(s).
Build target 'Target 1'
compiling Palindrome_Vowel.c...
Palindrome_Vowel.c(78): warning:  #186-D: pointless comparison of unsigned integer with zero
linking...
Program Size: Code=1320 RO-data=16 RW-data=0 ZI-data=1256  
FromELF: creating hex file...
"LPC2138.axf" - 0 Error(s), 1 Warning(s).
Build target 'Target 1'
compiling Palindrome_Vowel.c...
Palindrome_Vowel.c(78): warning:  #186-D: pointless comparison of unsigned integer with zero
linking...
Program Size: Code=1320 RO-data=16 RW-data=0 ZI-data=1256  
FromELF: creating hex file...
"LPC2138.axf" - 0 Error(s), 1 Warning(s).
Build target 'Target 1'
compiling Palindrome_Vowel.c...
Palindrome_Vowel.c(78): warning:  #186-D: pointless comparison of unsigned integer with zero
linking...
Program Size: Code=1328 RO-data=16 RW-data=0 ZI-data=1256  
FromELF: creating hex file...
"LPC2138.axf" - 0 Error(s), 1 Warning(s).
Build target 'Target 1'
compiling Palindrome_Vowel.c...
Palindrome_Vowel.c(78): warning:  #186-D: pointless comparison of unsigned integer with zero
linking...
Program Size: Code=1328 RO-data=16 RW-data=0 ZI-data=1256  
FromELF: creating hex file...
"LPC2138.axf" - 0 Error(s), 1 Warning(s).
Build target 'Target 1'
assembling Startup.s...
compiling Palindrome_Vowel.c...
Palindrome_Vowel.c(78): warning:  #186-D: pointless comparison of unsigned integer with zero
linking...
Program Size: Code=1328 RO-data=16 RW-data=0 ZI-data=1256  
FromELF: creating hex file...
"LPC2138.axf" - 0 Error(s), 1 Warning(s).
Build target 'Target 1'
assembling Startup.s...
compiling Palindrome_Vowel.c...
Palindrome_Vowel.c(78): warning:  #186-D: pointless comparison of unsigned integer with zero
linking...
Program Size: Code=1328 RO-data=16 RW-data=0 ZI-data=1256  
FromELF: creating hex file...
"LPC2138.axf" - 0 Error(s), 1 Warning(s).
Build target 'Target 1'
compiling Palindrome_Vowel.c...
Palindrome_Vowel.c(79): warning:  #186-D: pointless comparison of unsigned integer with zero
linking...
Program Size: Code=1324 RO-data=16 RW-data=0 ZI-data=1256  
FromELF: creating hex file...
"LPC2138.axf" - 0 Error(s), 1 Warning(s).
Build target 'Target 1'
assembling Startup.s...
compiling Palindrome_Vowel.c...
Palindrome_Vowel.c(79): warning:  #186-D: pointless comparison of unsigned integer with zero
linking...
Program Size: Code=1324 RO-data=16 RW-data=0 ZI-data=1256  
FromELF: creating hex file...
"LPC2138.axf" - 0 Error(s), 1 Warning(s).
Build target 'Target 1'
assembling Startup.s...
compiling Palindrome_Vowel.c...
Palindrome_Vowel.c(79): warning:  #186-D: pointless comparison of unsigned integer with zero
linking...
Program Size: Code=1328 RO-data=16 RW-data=0 ZI-data=1256  
FromELF: creating hex file...
"LPC2138.axf" - 0 Error(s), 1 Warning(s).
Build target 'Target 1'
assembling Startup.s...
compiling Palindrome_Vowel.c...
Palindrome_Vowel.c(79): warning:  #186-D: pointless comparison of unsigned integer with zero
linking...
Program Size: Code=1328 RO-data=16 RW-data=0 ZI-data=1256  
FromELF: creating hex file...
"LPC2138.axf" - 0 Error(s), 1 Warning(s).
Build target 'Target 1'
assembling Startup.s...
compiling Palindrome_Vowel.c...
Palindrome_Vowel.c(79): warning:  #186-D: pointless comparison of unsigned integer with zero
linking...
Program Size: Code=1316 RO-data=16 RW-data=0 ZI-data=1256  
FromELF: creating hex file...
"LPC2138.axf" - 0 Error(s), 1 Warning(s).
Build target 'Target 1'
assembling Startup.s...
compiling Palindrome_Vowel.c...
Palindrome_Vowel.c(34): error:  #65: expected a ";"
Palindrome_Vowel.c(80): warning:  #186-D: pointless comparison of unsigned integer with zero
Target not created
Build target 'Target 1'
assembling Startup.s...
compiling Palindrome_Vowel.c...
Palindrome_Vowel.c(80): warning:  #186-D: pointless comparison of unsigned integer with zero
linking...
Program Size: Code=1324 RO-data=16 RW-data=0 ZI-data=1256  
FromELF: creating hex file...
"LPC2138.axf" - 0 Error(s), 1 Warning(s).
