<html>
<body>
<pre>
<h1>µVision Build Log</h1>
<h2>Project:</h2>
B:\Lab\ES_LAB\lpc21xx\ALL_LPC214x_project.uvproj
Project File Date:  01/28/2021

<h2>Output:</h2>
Build target 'Target 1'
compiling 2nd_sessionals_2nd_quest.c...
compiling Pal_vol_in_lpc2148.c...
Pal_vol_in_lpc2148.c(76): warning:  #186-D: pointless comparison of unsigned integer with zero
linking...
ALL_LPC214x_project.axf: Error: L6200E: Symbol __ARM_use_no_argv multiply defined (by pal_vol_in_lpc2148.o and 2nd_sessionals_2nd_quest.o).
ALL_LPC214x_project.axf: Error: L6200E: Symbol pll multiply defined (by pal_vol_in_lpc2148.o and 2nd_sessionals_2nd_quest.o).
ALL_LPC214x_project.axf: Error: L6200E: Symbol delay multiply defined (by pal_vol_in_lpc2148.o and 2nd_sessionals_2nd_quest.o).
ALL_LPC214x_project.axf: Error: L6200E: Symbol main multiply defined (by pal_vol_in_lpc2148.o and 2nd_sessionals_2nd_quest.o).
Target not created
Build target 'Target 1'
linking...
Program Size: Code=1328 RO-data=16 RW-data=0 ZI-data=1256  
FromELF: creating hex file...
"ALL_LPC214x_project.axf" - 0 Error(s), 0 Warning(s).
Build target 'Target 1'
assembling Startup.s...
compiling Pal_vol_in_lpc2148.c...
Pal_vol_in_lpc2148.c(76): warning:  #186-D: pointless comparison of unsigned integer with zero
linking...
Program Size: Code=1328 RO-data=16 RW-data=0 ZI-data=1256  
FromELF: creating hex file...
"ALL_LPC214x_project.axf" - 0 Error(s), 1 Warning(s).
