<html>
<body>
<pre>
<h1>µVision Build Log</h1>
<h2>Project:</h2>
B:\Lab\ES_LAB\lpc21xx\switch_blink.uvproj
Project File Date:  12/18/2020

<h2>Output:</h2>
compiling 02_switch.c...
02_switch.c(3): warning:  #951-D: return type of function "main" must be "int"
02_switch.c - 0 Error(s), 1 Warning(s).
Build target 'Target 1'
linking...
Program Size: Code=576 RO-data=16 RW-data=0 ZI-data=96  
FromELF: creating hex file...
"switch_blink.axf" - 0 Error(s), 0 Warning(s).
Build target 'Target 1'
compiling 02_switch.c...
02_switch.c(3): warning:  #951-D: return type of function "main" must be "int"
linking...
Program Size: Code=580 RO-data=16 RW-data=0 ZI-data=96  
FromELF: creating hex file...
"switch_blink.axf" - 0 Error(s), 1 Warning(s).
Build target 'Target 1'
compiling 02_switch.c...
02_switch.c(3): warning:  #951-D: return type of function "main" must be "int"
linking...
Program Size: Code=576 RO-data=16 RW-data=0 ZI-data=96  
FromELF: creating hex file...
"switch_blink.axf" - 0 Error(s), 1 Warning(s).
Build target 'Target 1'
compiling 02_switch.c...
02_switch.c(3): warning:  #951-D: return type of function "main" must be "int"
linking...
Program Size: Code=580 RO-data=16 RW-data=0 ZI-data=96  
FromELF: creating hex file...
"switch_blink.axf" - 0 Error(s), 1 Warning(s).
Build target 'Target 1'
compiling 02_switch.c...
02_switch.c(2): warning:  #1295-D: Deprecated declaration delay - give arg types
02_switch.c(3): warning:  #951-D: return type of function "main" must be "int"
02_switch.c(21): warning:  #1-D: last line of file ends without a newline
linking...
Program Size: Code=612 RO-data=16 RW-data=0 ZI-data=96  
FromELF: creating hex file...
"switch_blink.axf" - 0 Error(s), 3 Warning(s).
Build target 'Target 1'
linking...
Program Size: Code=612 RO-data=16 RW-data=0 ZI-data=96  
FromELF: creating hex file...
"switch_blink.axf" - 0 Error(s), 0 Warning(s).
Build target 'Target 1'
linking...
Program Size: Code=612 RO-data=16 RW-data=0 ZI-data=96  
FromELF: creating hex file...
"switch_blink.axf" - 0 Error(s), 0 Warning(s).
