<html>
<body>
<pre>
<h1>µVision Build Log</h1>
<h2>Project:</h2>
B:\Lab\ES_LAB\lpc21xx\switch_blink.uvproj
Project File Date:  12/18/2020

<h2>Output:</h2>
Build target 'Target 1'
Target has no object modules
Target not created
Build target 'Target 1'
compiling 02_switch.c...
02_switch.c(3): warning:  #951-D: return type of function "main" must be "int"
linking...
Program Size: Code=572 RO-data=16 RW-data=0 ZI-data=96  
"switch_blink.axf" - 0 Error(s), 1 Warning(s).
Build target 'Target 1'
linking...
Program Size: Code=572 RO-data=16 RW-data=0 ZI-data=96  
FromELF: creating hex file...
"switch_blink.axf" - 0 Error(s), 0 Warning(s).
Build target 'Target 1'
linking...
Program Size: Code=572 RO-data=16 RW-data=0 ZI-data=96  
FromELF: creating hex file...
"switch_blink.axf" - 0 Error(s), 0 Warning(s).
Build target 'Target 1'
compiling 02_switch.c...
02_switch.c(9): warning:  #951-D: return type of function "main" must be "int"
linking...
Program Size: Code=604 RO-data=16 RW-data=0 ZI-data=96  
FromELF: creating hex file...
"switch_blink.axf" - 0 Error(s), 1 Warning(s).
Build target 'Target 1'
compiling 02_switch.c...
02_switch.c(9): warning:  #951-D: return type of function "main" must be "int"
linking...
Program Size: Code=604 RO-data=16 RW-data=0 ZI-data=96  
FromELF: creating hex file...
"switch_blink.axf" - 0 Error(s), 1 Warning(s).
Build target 'Target 1'
compiling 02_switch.c...
02_switch.c(9): warning:  #951-D: return type of function "main" must be "int"
02_switch.c(22): warning:  #1-D: last line of file ends without a newline
linking...
Program Size: Code=604 RO-data=16 RW-data=0 ZI-data=96  
FromELF: creating hex file...
"switch_blink.axf" - 0 Error(s), 2 Warning(s).
Build target 'Target 1'
compiling 02_switch.c...
02_switch.c(9): warning:  #951-D: return type of function "main" must be "int"
02_switch.c(22): warning:  #1-D: last line of file ends without a newline
linking...
Program Size: Code=604 RO-data=16 RW-data=0 ZI-data=96  
FromELF: creating hex file...
"switch_blink.axf" - 0 Error(s), 2 Warning(s).
Build target 'Target 1'
compiling 02_switch.c...
02_switch.c(9): warning:  #951-D: return type of function "main" must be "int"
linking...
Program Size: Code=604 RO-data=16 RW-data=0 ZI-data=96  
FromELF: creating hex file...
"switch_blink.axf" - 0 Error(s), 1 Warning(s).
Build target 'Target 1'
compiling 02_switch.c...
02_switch.c(9): warning:  #951-D: return type of function "main" must be "int"
02_switch.c(20): warning:  #111-D: statement is unreachable
02_switch.c(20): error:  #118: a void function may not return a value
Target not created
Build target 'Target 1'
compiling 02_switch.c...
02_switch.c(10): warning:  #951-D: return type of function "main" must be "int"
02_switch.c(21): warning:  #111-D: statement is unreachable
02_switch.c(21): error:  #118: a void function may not return a value
Target not created
Build target 'Target 1'
compiling 02_switch.c...
02_switch.c(9): warning:  #951-D: return type of function "main" must be "int"
linking...
Program Size: Code=604 RO-data=16 RW-data=0 ZI-data=96  
FromELF: creating hex file...
"switch_blink.axf" - 0 Error(s), 1 Warning(s).
Build target 'Target 1'
linking...
Program Size: Code=604 RO-data=16 RW-data=0 ZI-data=96  
FromELF: creating hex file...
"switch_blink.axf" - 0 Error(s), 0 Warning(s).
Build target 'Target 1'
compiling 02_switch.c...
02_switch.c(9): warning:  #951-D: return type of function "main" must be "int"
linking...
Program Size: Code=624 RO-data=16 RW-data=0 ZI-data=96  
FromELF: creating hex file...
"switch_blink.axf" - 0 Error(s), 1 Warning(s).
Build target 'Target 1'
compiling 02_switch.c...
02_switch.c(3): warning:  #951-D: return type of function "main" must be "int"
linking...
Program Size: Code=592 RO-data=16 RW-data=0 ZI-data=96  
FromELF: creating hex file...
"switch_blink.axf" - 0 Error(s), 1 Warning(s).
Build target 'Target 1'
compiling 02_switch.c...
02_switch.c(3): warning:  #1295-D: Deprecated declaration delay - give arg types
02_switch.c(4): warning:  #951-D: return type of function "main" must be "int"
02_switch.c(22): warning:  #1-D: last line of file ends without a newline
linking...
Program Size: Code=604 RO-data=16 RW-data=0 ZI-data=96  
FromELF: creating hex file...
"switch_blink.axf" - 0 Error(s), 3 Warning(s).
Build target 'Target 1'
compiling 02_switch.c...
02_switch.c(3): warning:  #951-D: return type of function "main" must be "int"
linking...
Program Size: Code=572 RO-data=16 RW-data=0 ZI-data=96  
FromELF: creating hex file...
"switch_blink.axf" - 0 Error(s), 1 Warning(s).
